// Jest Snapshot v1, https://goo.gl/fbAQLP

exports[`<App /> should render and match the snapshot 1`] = `
<ForwardRef>
  <HelmetWrapper
    defaultTitle="Stack app"
    defer={true}
    encodeSpecialCharacters={true}
    titleTemplate="%s - Stack App"
  >
    <meta
      content="Stack application"
      name="description"
    />
  </HelmetWrapper>
  <NavBar />
  <Switch>
    <Route
      component={[Function]}
      exact={true}
      path="/"
    />
    <Route
      component={[Function]}
      path="/profile-details"
    />
    <Route
      component={[Function]}
      path=""
    />
  </Switch>
  <Footer />
  <GlobalStyleComponent />
</ForwardRef>
`;
